admin@DESKTOP-7JBD020 MINGW64 ~/Desktop/QA/Bash_Training
$ pwd
/c/Users/admin/Desktop/QA/Bash_Training


admin@DESKTOP-7JBD020 MINGW64 ~/Desktop/QA/Bash_Training
$ mkdir test1

admin@DESKTOP-7JBD020 MINGW64 ~/Desktop/QA/Bash_Training
$ cd test1


admin@DESKTOP-7JBD020 MINGW64 ~/Desktop/QA/Bash_Training/test1
$ touch 1.txt 2.txt 3.txt

admin@DESKTOP-7JBD020 MINGW64 ~/Desktop/QA/Bash_Training/test1
$ ls
1.txt  2.txt  3.txt

admin@DESKTOP-7JBD0cd20 MINGW64 ~/Desktop/QA/Bash_Training/test1
$ cd ..
admin@DESKTOP-7JBD020 MINGW64 ~/Desktop/QA/Bash_Training
$

admin@DESKTOP-7JBD020 MINGW64 ~/Desktop/QA/Bash_Training
$ rmdir test2
admin@DESKTOP-7JBD020 MINGW64 ~/Desktop/QA/Bash_Training
$

admin@DESKTOP-7JBD020 MINGW64 ~/Desktop/QA/Bash_Training/test1
$ rm 2.txt

admin@DESKTOP-7JBD020 MINGW64 ~/Desktop/QA/Bash_Training
$ mkdir test3

admin@DESKTOP-7JBD020 MINGW64 ~/Desktop/QA/Bash_Training
$ cd test3

admin@DESKTOP-7JBD020 MINGW64 ~/Desktop/QA/Bash_Training/test3
$ touch 1.txt 2.txt

admin@DESKTOP-7JBD020 MINGW64 ~/Desktop/QA/Bash_Training
$ rm -rf test3

admin@DESKTOP-7JBD020 MINGW64 ~/Desktop/QA/Bash_Training
$ mkdir test4


admin@DESKTOP-7JBD020 MINGW64 ~/Desktop/QA/Bash_Training
$ mv test1/1.txt test1/2.txt test4
mv: cannot stat 'test1/2.txt': No such file or directory

admin@DESKTOP-7JBD020 MINGW64 ~/Desktop/QA/Bash_Training
$ mv  test1/3.txt test4


admin@DESKTOP-7JBD020 MINGW64 ~/Desktop/QA/Bash_training/test4
$ echo line > 3.txt

admin@DESKTOP-7JBD020 MINGW64 ~/Desktop/QA/Bash_training/test4
$ echo line >> 3.txt

admin@DESKTOP-7JBD020 MINGW64 ~/Desktop/QA/Bash_training/test4
$ echo line >> 3.txt

admin@DESKTOP-7JBD020 MINGW64 ~/Desktop/QA/Bash_training/test4
$ cat 3.txt
line
line
line


admin@DESKTOP-7JBD020 MINGW64 ~/Desktop/QA/Bash_training/test4
$ echo line > 1.txt

admin@DESKTOP-7JBD020 MINGW64 ~/Desktop/QA/Bash_training/test4
$ echo line >> 1.txt

admin@DESKTOP-7JBD020 MINGW64 ~/Desktop/QA/Bash_training/test4
$ echo line >> 1.txt

admin@DESKTOP-7JBD020 MINGW64 ~/Desktop/QA/Bash_training/test4
$ cat 1.txt
line
line
line

admin@DESKTOP-7JBD020 MINGW64 ~/Desktop/QA/Bash_training/test4
$ cat 1.txt 3.txt
line
line
line
line
line
line


admin@DESKTOP-7JBD020 MINGW64 ~/Desktop/QA/Bash_Training

GNU nano 7.2                                        1.txt                                              Modified
yo
hop
hey